============================================================
  humanize-cn 改写报告
  文件: test.txt
  时间: 2026-05-14 17:54
  模式: general  强度: conservative  模型: deepseek/deepseek-v4-pro
============================================================
────────────────────────────────────────────────────────────
  AI 检测评分对比
────────────────────────────────────────────────────────────
  原文评分:  3/100 [░░░░░░░░░░░░░░░░░░░░] LOW
  改写评分:  3/100 [░░░░░░░░░░░░░░░░░░░░] LOW
  分数变化:  -0 分 (降低)
  评估: 🔴 改写后评分未降低，请检查输出质量

────────────────────────────────────────────────────────────
  文本统计对比
────────────────────────────────────────────────────────────
  指标                   原文       改写       变化
  -------------- -------- -------- --------
  字数                  972      919      -53
  句子数                  40       43       +3
  平均句长               24.3     21.4 -2.900000000000002
  爆发度               0.445    0.429 -0.016000000000000014
  套话数                   0        0        0
  文本改动率                   28.1%

────────────────────────────────────────────────────────────
  句子改动分析
────────────────────────────────────────────────────────────
  未改动句子: 1
  改动/新增:  42
  删除句子:   39

────────────────────────────────────────────────────────────
  改动示例（相似度 0.3~0.95 的句对）
────────────────────────────────────────────────────────────
  [1] 相似度 0.44
  原: 我与父亲不相见已二年余了，我最不能忘记的是他的背影。
  新: 要说最忘不了的，还是他的背影。

  [2] 相似度 0.5
  原: 这二年的光阴，说长不长，仿佛只是几个寒暑的交替；
  新: 这两年说长吧，也就几个寒来暑往；

  [3] 相似度 0.39
  原: 说短却也不短，足足有七百多个日夜，足以让院角的梅树抽发两回新枝，也足以让许多记忆，像旧宣纸上的墨迹，渐渐晕开，变得模糊。
  新: 说短呢，七百多天搁在那儿，院子里的梅树都抽了两回新枝了。

────────────────────────────────────────────────────────────
  各维度得分变化
────────────────────────────────────────────────────────────
  ⚪ 情感平淡                    3 →    3  (0)

────────────────────────────────────────────────────────────
  后续建议
────────────────────────────────────────────────────────────
  1. 分数较低，有较大概率通过 AIGC 检测
  2. 提交前建议在朱雀/知网实测确认
  （人工校验：重点看数据/术语是否原样保留）

============================================================